// Jest Snapshot v1, https://goo.gl/fbAQLP

exports[`Expense List should render ExpenseList with emoty message 1`] = `ShallowWrapper {}`;

exports[`Expense List should render ExpenseList with empty message 1`] = `ShallowWrapper {}`;

exports[`Expense List should render ExpenseList with expenses 1`] = `ShallowWrapper {}`;
