// Jest Snapshot v1, https://goo.gl/fbAQLP

exports[`ExpenseListFilters should render ExpenseListFilters correctly 1`] = `ShallowWrapper {}`;

exports[`ExpenseListFilters should render ExpenseListFilters with \`defaultFilters\` correctly 1`] = `ShallowWrapper {}`;

exports[`ExpenseListFilters should render ExpenseListFilters with \`sampleFilters\` correctly 1`] = `ShallowWrapper {}`;
